BEFORE:
Fake Database.
All Customers {

    Customer {
        externalId='Optional[12345]'
        masterExternalId='Optional.empty'
        companyNumber='Optional.empty'
        internalId='Optional[67576]'
        name='Optional.empty'
        customerType=PERSON
        preferredStore='Optional.empty'
        address='null'
        shoppingLists=[]
    }

}
All Shopping Lists
[]
SYNCING THIS:
ExternalCustomer {
    externalId='12345'
    companyNumber='Optional.empty'
    name='Joe Bloggs'
    preferredStore='Nordstan'
    address='123 main st, SE-123 45 Stockholm'
    shoppingLists=[[lipstick, foundation]]
}
AFTER:
Fake Database.
All Customers {

    Customer {
        externalId='Optional[12345]'
        masterExternalId='Optional.empty'
        companyNumber='Optional.empty'
        internalId='Optional[67576]'
        name='Optional[Joe Bloggs]'
        customerType=PERSON
        preferredStore='Optional[Nordstan]'
        address='123 main st, SE-123 45 Stockholm'
        shoppingLists=[[lipstick, foundation]]
    }

}
All Shopping Lists
[[lipstick, foundation]]
