BEFORE:
Fake Database.
All Customers {

    Customer {
        externalId='Optional[12345]'
        masterExternalId='Optional.empty'
        companyNumber='Optional[470813-8895]'
        internalId='Optional[45435]'
        name='Optional.empty'
        customerType=COMPANY
        preferredStore='Optional.empty'
        address='null'
        shoppingLists=[[eyeliner, blusher]]
    }

}
All Shopping Lists
[[eyeliner, blusher]]
SYNCING THIS:
ExternalCustomer {
    externalId='12345'
    companyNumber='Optional[470813-8895]'
    name='Acme Inc.'
    preferredStore=''
    address='123 main st, SE-123 45 Helsingborg'
    shoppingLists=[[lipstick, blusher]]
}
AFTER:
Fake Database.
All Customers {

    Customer {
        externalId='Optional[12345]'
        masterExternalId='Optional.empty'
        companyNumber='Optional[470813-8895]'
        internalId='Optional[45435]'
        name='Optional[Acme Inc.]'
        customerType=COMPANY
        preferredStore='Optional.empty'
        address='123 main st, SE-123 45 Helsingborg'
        shoppingLists=[
            [eyeliner, blusher]
            [lipstick, blusher]
        ]
    }

}
All Shopping Lists
[
    [eyeliner, blusher]
    [lipstick, blusher]
]
