BEFORE:
Fake Database.
All Customers {

    Customer {
        externalId='Optional[12345]'
        masterExternalId='Optional.empty'
        companyNumber='Optional[32423-342]'
        internalId='Optional[45435]'
        name='Optional.empty'
        customerType=COMPANY
        preferredStore='Optional.empty'
        bonusPoints='Optional[0]'
        address='null'
        shoppingLists=[]
    }

}
All Shopping Lists
[]
SYNCING THIS:
ExternalCustomer {
    externalId='12345'
    companyNumber='Optional.empty'
    name='Joe Bloggs'
    preferredStore='Optional[Nordstan]'
    bonusPoints='Optional[50]'
    address='123 main st, SE-123 45 Stockholm'
    shoppingLists=[[lipstick, foundation]]
}
AFTER:
Fake Database.
All Customers {

    Customer {
        externalId='Optional[12345]'
        masterExternalId='Optional.empty'
        companyNumber='Optional[32423-342]'
        internalId='Optional[45435]'
        name='Optional.empty'
        customerType=COMPANY
        preferredStore='Optional.empty'
        bonusPoints='Optional[0]'
        address='null'
        shoppingLists=[]
    }

}
All Shopping Lists
[]
