BEFORE:
Fake Database.
All Customers {

}
All Shopping Lists
[]
SYNCING THIS:
ExternalCustomer {
    externalId='12345'
    companyNumber='Optional[470813-8895]'
    name='Acme Inc.'
    preferredStore='Optional.empty'
    bonusPoints='Optional[0]'
    address='123 main st, SE-123 45 Helsingborg'
    shoppingLists=[[lipstick, blusher]]
}
AFTER:
Fake Database.
All Customers {

    Customer {
        externalId='Optional[12345]'
        masterExternalId='Optional[12345]'
        companyNumber='Optional[470813-8895]'
        internalId='Optional[fake internalId]'
        name='Optional[Acme Inc.]'
        customerType=COMPANY
        preferredStore='Optional.empty'
        bonusPoints='Optional.empty'
        address='123 main st, SE-123 45 Helsingborg'
        shoppingLists=[[lipstick, blusher]]
    }

}
All Shopping Lists
[[lipstick, blusher]]
