BEFORE:
Fake Database.
All Customers {

    Customer {
        externalId='Optional[conflicting id]'
        masterExternalId='Optional.empty'
        companyNumber='Optional[12345]'
        internalId='Optional[45435]'
        name='Optional.empty'
        customerType=COMPANY
        preferredStore='Optional.empty'
        address='null'
        shoppingLists=[]
    }

}
All Shopping Lists
[]
SYNCING THIS:
ExternalCustomer {
    externalId='45646'
    companyNumber='Optional[12345]'
    name='Acme Inc.'
    preferredStore=''
    address='123 main st, SE-123 45 Helsingborg'
    shoppingLists=[[lipstick, blusher]]
}
AFTER:
Fake Database.
All Customers {

    Customer {
        externalId='Optional[conflicting id]'
        masterExternalId='Optional.empty'
        companyNumber='Optional[12345]'
        internalId='Optional[45435]'
        name='Optional.empty'
        customerType=COMPANY
        preferredStore='Optional.empty'
        address='null'
        shoppingLists=[]
    }

}
All Shopping Lists
[]
